# 外连接查询

## 1. 关于查询结果集的去重

```
mysql> select distinct job from emp;
+-----------+
| job       |
+-----------+
| CLERK     |
| SALESMAN  |
| MANAGER   |
| ANALYST   |
| PRESIDENT |
+-----------+
```

```
mysql> select ename,distinct job from emp;
ERROR 1064 (42000): You have an error in your SQL syntax; check the manual that corresponds to your MySQL server version for the right syntax to use near 'distinct job from emp' at line 1
```

distinct 只能出现在所有字段的前方，后面所有的字段联合起来，所有的去重

统计岗位的数量

```
mysql> select count(distinct job) from emp;
+---------------------+
| count(distinct job) |
+---------------------+
|                   5 |
+---------------------+
```

## 2. 链接查询

* 什么是链接查询

在实际开发中，大部分的情况都不是从单边中查询数据，一般都是多张表联合查询取出最终结果。

在实际开发过程中，一般一个业务都会对应多张表，eg:学生喝班级，起码两张表

学生和编辑信息存储到一张表中，数据会十分的冗余

* 连接查询的分类？

- 根据语法出现的年代划分的话，包括：

1. SQL92(一些老的DBA可能还在使用这种语法，DBA：Database Administrator, 数据库管理员)
2. SQL99(比较新的语法)

- 根据表的连接方式来划分，包括：

1. 内连接：
  * 等值连接
  * 非等值连接
  * 自连接
2. 外连接：
  * 左外连接（左连接）
  * 右外连接（右连接）
3. 全连接（很少用）

* 在表的连接查询方面有一种现象：笛卡儿积现象（笛卡尔乘积现象）

找出每个员工的部门名称，要求显示员工和部门名

```
mysql> select ename,dname from emp,dept;
+--------+------------+
| ename  | dname      |
+--------+------------+
| SMITH  | ACCOUNTING |
| SMITH  | RESEARCH   |
| SMITH  | SALES      |
| SMITH  | OPERATIONS |
| ALLEN  | ACCOUNTING |
| ALLEN  | RESEARCH   |
| ALLEN  | SALES      |
| ALLEN  | OPERATIONS |
+--------+------------+
56 rows in set (0.00 sec)
```

? 笛卡儿积现象：当两张表进行连接查询的时候，没有任何条件限制，最终的查询结果条数是两张表记录条数的乘积

关于表的别名：

select e.ename,d.dname from emp e,dept d;

别的别名的好处？

1. 第一：可执行效率高
2. 第二：可读性好

* 怎么避免笛卡儿积现象？当然是加条件进行过滤。

思考：避免了笛卡尔积，会减少记录的匹配次数吗？不会的，还是56次查询，只是显示的是有效的记录

```
mysql> select e.ename,d.dname from emp e,dept d where e.deptno = d.deptno;
+--------+------------+
| ename  | dname      |
+--------+------------+
| CLARK  | ACCOUNTING |
| KING   | ACCOUNTING |
| MILLER | ACCOUNTING |
| SMITH  | RESEARCH   |
| JONES  | RESEARCH   |
| SCOTT  | RESEARCH   |
| ADAMS  | RESEARCH   |
| FORD   | RESEARCH   |
| ALLEN  | SALES      |
| WARD   | SALES      |
| MARTIN | SALES      |
| BLAKE  | SALES      |
| TURNER | SALES      |
| JAMES  | SALES      |
+--------+------------+
14 rows in set (0.00 sec)
```

上面这种等号的方法是SQL92的写法，以后不用

* 2.1.1 内连接之等值连接，最大的特点是：条件是等量关系

查询每个员工的部门名称，要求显示员工名和部门名

SQL99语法：

```
mysql> select e.ename,d.dname from emp e join dept d on e.deptno=d.deptno;
+--------+------------+
| ename  | dname      |
+--------+------------+
| CLARK  | ACCOUNTING |
| KING   | ACCOUNTING |
| MILLER | ACCOUNTING |
| SMITH  | RESEARCH   |
| JONES  | RESEARCH   |
| SCOTT  | RESEARCH   |
| ADAMS  | RESEARCH   |
| FORD   | RESEARCH   |
| ALLEN  | SALES      |
| WARD   | SALES      |
| MARTIN | SALES      |
| BLAKE  | SALES      |
| TURNER | SALES      |
| JAMES  | SALES      |
+--------+------------+
14 rows in set (0.00 sec)
```

```
select
  e.ename,d.dname
from
  emp e
inner join
  dept d
on
  e.deptno=d.deptno
;
语法：
...
  A
inner join
  B
on
  连接条件
where
  过滤条件
```

inner：内连接，可省略，带上是可读性好一些

* 2.1.2 内连接的非等值连接：最大的特点是：连接条件中的关系是非等量关系

找出员工的工资等级，要求显示员工名、工资、工资等级

```
mysql> select e.ename,e.sal,s.grade from emp e join salgrade s on e.sal between s.losal and s.hisal;
+--------+---------+-------+
| ename  | sal     | grade |
+--------+---------+-------+
| SMITH  |  800.00 |     1 |
| ALLEN  | 1600.00 |     3 |
| WARD   | 1250.00 |     2 |
| JONES  | 2975.00 |     4 |
| MARTIN | 1250.00 |     2 |
| BLAKE  | 2850.00 |     4 |
| CLARK  | 2450.00 |     4 |
| SCOTT  | 3000.00 |     4 |
| KING   | 5000.00 |     5 |
| TURNER | 1500.00 |     3 |
| ADAMS  | 1100.00 |     1 |
| JAMES  |  950.00 |     1 |
| FORD   | 3000.00 |     4 |
| MILLER | 1300.00 |     2 |
+--------+---------+-------+
14 rows in set (0.00 sec)
```

```
select
  e.ename,e.sal,s.grade
from
  emp e
inner join
  salgrade s
on
  e.sal between s.losal and s.hisal
;
```

* 2.1.3 自连接：最大的特点是：一张表看作两张表

找出每个员工的上级领导，要求显示，员工名和对应的领导名

```
mysql> select e.ename 'empName',ecp.ename 'leaderName' from emp e inner join emp ecp on e.mgr=ecp.empno;
+---------+------------+
| empName | leaderName |
+---------+------------+
| SMITH   | FORD       |
| ALLEN   | BLAKE      |
| WARD    | BLAKE      |
| JONES   | KING       |
| MARTIN  | BLAKE      |
| BLAKE   | KING       |
| CLARK   | KING       |
| SCOTT   | JONES      |
| TURNER  | BLAKE      |
| ADAMS   | SCOTT      |
| JAMES   | BLAKE      |
| FORD    | JONES      |
| MILLER  | CLARK      |
+---------+------------+
13 rows in set (0.00 sec)
```

* 2.2.1 外连接？

* 什么是外连接，和内连接有什么区别？

- 内连接：
  1. 假设A和B表进行连接，使用内连接的话，凡是A表和B表能够匹配上的记录查询出来，这就是内连接
  2. AB两张表没用主副之分，两张表是平等的

- 外连接：
  1. 假设A和B表连接，使用外连接的话，AB两张表中有一张表是主表，一张表是副表，主要查询主表中的数据，捎带查询副表，如果副表中的数据没有与主表中的数据匹配上副表自动模拟出NULL与之匹配

- 外连接的分类？
  1. 左外连接（左连接）：表示左边的这张表是主表
  2. 右外连接（右连接）：表示右边的这张表是主表
  3. 左连接有右连接的写法，右连接也会对应的做链接的写法

```
mysql> select a.ename empname,b.ename leadername from emp a left join emp b on a.mgr=b.empno;
+---------+------------+
| empname | leadername |
+---------+------------+
| SMITH   | FORD       |
| ALLEN   | BLAKE      |
| WARD    | BLAKE      |
| JONES   | KING       |
| MARTIN  | BLAKE      |
| BLAKE   | KING       |
| CLARK   | KING       |
| SCOTT   | JONES      |
| KING    | NULL       |
| TURNER  | BLAKE      |
| ADAMS   | SCOTT      |
| JAMES   | BLAKE      |
| FORD    | JONES      |
| MILLER  | CLARK      |
+---------+------------+
14 rows in set (0.00 sec)
```

外连接（左外连接）：内连接的数据会少，只有13条，数据丢失

```
select
  a.ename empname,b.ename leadername
from
  emp a
left outer join
  emp b
on
  a.mgr=b.empno;
```


右外连接

```
select
  a.ename empname,b.ename leadername
from
  emp b
right outer join
  emp a
on
  a.mgr=b.empno;
```

outer 可以省略，这个只是可读性强

区分内链接和外连接的标志主要是：是否右left、right，有必定是外连接，否必定是内连接，真实的使用场景肯定是外连接

外连接最重要的特点是：主表的数据无条件的全部查询出来

找出哪个部门没有员工？

```
mysql> select d.* from dept d left join emp e on d.deptno = e.deptno where e.deptno is null;
+--------+------------+--------+
| DEPTNO | DNAME      | LOC    |
+--------+------------+--------+
|     40 | OPERATIONS | BOSTON |
+--------+------------+--------+
1 row in set (0.00 sec)
```


* 2.3 三张表怎么连接查询

找出每一个员工的部门名称以及工资等级

注意：解释一下：
```
A 
join
B
on
join
C
on
```
表示A表先和B表连接，连接之后A表和C表连接

```
mysql> select e.ename,d.dname,s.grade from emp e left join dept d on e.deptno=d.deptno left join salgrade s on e.sal between s.losal and s.hisal;
+--------+------------+-------+
| ename  | dname      | grade |
+--------+------------+-------+
| SMITH  | RESEARCH   |     1 |
| ALLEN  | SALES      |     3 |
| WARD   | SALES      |     2 |
| JONES  | RESEARCH   |     4 |
| MARTIN | SALES      |     2 |
| BLAKE  | SALES      |     4 |
| CLARK  | ACCOUNTING |     4 |
| SCOTT  | RESEARCH   |     4 |
| KING   | ACCOUNTING |     5 |
| TURNER | SALES      |     3 |
| ADAMS  | RESEARCH   |     1 |
| JAMES  | SALES      |     1 |
| FORD   | RESEARCH   |     4 |
| MILLER | ACCOUNTING |     2 |
+--------+------------+-------+
14 rows in set (0.00 sec)
```

找出每个一个员工的部门名称、工资等级、以及上级领导

```
mysql> SELECT
    ->   e.ename '员工',d.dname,s.grade,ec.ename '领导'
    -> FROM
    ->   emp e
    -> LEFT JOIN
    ->   dept d
    -> ON
    ->   e.deptno=d.deptno
    -> LEFT JOIN
    ->   salgrade s
    -> ON
    ->   e.sal BETWEEN s.losal AND s.hisal
    -> LEFT JOIN
    ->   emp ec
    -> ON
    ->   e.mgr=ec.empno
    -> ;
+--------+------------+-------+-------+
|        | dname      | grade |       |
+--------+------------+-------+-------+
| SMITH  | RESEARCH   |     1 | FORD  |
| ALLEN  | SALES      |     3 | BLAKE |
| WARD   | SALES      |     2 | BLAKE |
| JONES  | RESEARCH   |     4 | KING  |
| MARTIN | SALES      |     2 | BLAKE |
| BLAKE  | SALES      |     4 | KING  |
| CLARK  | ACCOUNTING |     4 | KING  |
| SCOTT  | RESEARCH   |     4 | JONES |
| KING   | ACCOUNTING |     5 | NULL  |
| TURNER | SALES      |     3 | BLAKE |
| ADAMS  | RESEARCH   |     1 | SCOTT |
| JAMES  | SALES      |     1 | BLAKE |
| FORD   | RESEARCH   |     4 | JONES |
| MILLER | ACCOUNTING |     2 | CLARK |
+--------+------------+-------+-------+
14 rows in set, 2 warnings (0.00 sec)
```